// Jest Snapshot v1, https://goo.gl/fbAQLP

exports[`Main layout component Initiates correctly renders the app 1`] = `ShallowWrapper {}`;
